Release 14.6 - xst P.68d (nt64)
Copyright (c) 1995-2013 Xilinx, Inc.  All rights reserved.
--> Parameter TMPDIR set to xst/projnav.tmp


Total REAL time to Xst completion: 0.00 secs
Total CPU time to Xst completion: 0.09 secs
 
--> Parameter xsthdpdir set to xst


Total REAL time to Xst completion: 0.00 secs
Total CPU time to Xst completion: 0.09 secs
 
--> Reading design: vgatest.prj

TABLE OF CONTENTS
  1) Synthesis Options Summary
  2) HDL Compilation
  3) Design Hierarchy Analysis
  4) HDL Analysis
  5) HDL Synthesis
     5.1) HDL Synthesis Report
  6) Advanced HDL Synthesis
     6.1) Advanced HDL Synthesis Report
  7) Low Level Synthesis
  8) Partition Report
  9) Final Report
	9.1) Device utilization summary
	9.2) Partition Resource Summary
	9.3) TIMING REPORT


=========================================================================
*                      Synthesis Options Summary                        *
=========================================================================
---- Source Parameters
Input File Name                    : "vgatest.prj"
Input Format                       : mixed
Ignore Synthesis Constraint File   : NO

---- Target Parameters
Output File Name                   : "vgatest"
Output Format                      : NGC
Target Device                      : xc3s1000-4-ft256

---- Source Options
Top Module Name                    : vgatest
Automatic FSM Extraction           : YES
FSM Encoding Algorithm             : Auto
Safe Implementation                : No
FSM Style                          : LUT
RAM Extraction                     : Yes
RAM Style                          : Auto
ROM Extraction                     : Yes
Mux Style                          : Auto
Decoder Extraction                 : YES
Priority Encoder Extraction        : Yes
Shift Register Extraction          : YES
Logical Shifter Extraction         : YES
XOR Collapsing                     : YES
ROM Style                          : Auto
Mux Extraction                     : Yes
Resource Sharing                   : YES
Asynchronous To Synchronous        : NO
Multiplier Style                   : Auto
Automatic Register Balancing       : No

---- Target Options
Add IO Buffers                     : YES
Global Maximum Fanout              : 500
Add Generic Clock Buffer(BUFG)     : 8
Register Duplication               : YES
Slice Packing                      : YES
Optimize Instantiated Primitives   : NO
Use Clock Enable                   : Yes
Use Synchronous Set                : Yes
Use Synchronous Reset              : Yes
Pack IO Registers into IOBs        : Auto
Equivalent register Removal        : YES

---- General Options
Optimization Goal                  : Speed
Optimization Effort                : 1
Keep Hierarchy                     : No
Netlist Hierarchy                  : As_Optimized
RTL Output                         : Yes
Global Optimization                : AllClockNets
Read Cores                         : YES
Write Timing Constraints           : NO
Cross Clock Analysis               : NO
Hierarchy Separator                : /
Bus Delimiter                      : <>
Case Specifier                     : Maintain
Slice Utilization Ratio            : 100
BRAM Utilization Ratio             : 100
Verilog 2001                       : YES
Auto BRAM Packing                  : NO
Slice Utilization Ratio Delta      : 5

=========================================================================


=========================================================================
*                          HDL Compilation                              *
=========================================================================
Compiling vhdl file "//cs1/cs_students/bmetzelaar16/CS373_DLD/Final_Project/CMC_Pong_v2/vga1/vga_test/vga_gen.vhd" in Library work.
Entity <vgatest> compiled.
Entity <vgatest> (Architecture <behavioral>) compiled.

=========================================================================
*                     Design Hierarchy Analysis                         *
=========================================================================
Analyzing hierarchy for entity <vgatest> in library <work> (architecture <behavioral>).


=========================================================================
*                            HDL Analysis                               *
=========================================================================
Analyzing Entity <vgatest> in library <work> (Architecture <behavioral>).
Entity <vgatest> analyzed. Unit <vgatest> generated.


=========================================================================
*                           HDL Synthesis                               *
=========================================================================

Performing bidirectional port resolution...

Synthesizing Unit <vgatest>.
    Related source file is "//cs1/cs_students/bmetzelaar16/CS373_DLD/Final_Project/CMC_Pong_v2/vga1/vga_test/vga_gen.vhd".
WARNING:Xst:647 - Input <rTrigger> is never used. This port will be preserved and left unconnected if it belongs to a top-level block or it belongs to a sub-block and the hierarchy of this sub-block is preserved.
WARNING:Xst:647 - Input <lTrigger> is never used. This port will be preserved and left unconnected if it belongs to a top-level block or it belongs to a sub-block and the hierarchy of this sub-block is preserved.
WARNING:Xst:646 - Signal <verSpeedReg<31:9>> is assigned but never used. This unconnected signal will be trimmed during the optimization process.
WARNING:Xst:653 - Signal <verSpeed> is used but never assigned. This sourceless signal will be automatically connected to value 00000000000000000000000000000011.
WARNING:Xst:1780 - Signal <line_w> is never used or assigned. This unconnected signal will be trimmed during the optimization process.
WARNING:Xst:1780 - Signal <line_h> is never used or assigned. This unconnected signal will be trimmed during the optimization process.
WARNING:Xst:646 - Signal <horSpeedReg<31:10>> is assigned but never used. This unconnected signal will be trimmed during the optimization process.
WARNING:Xst:653 - Signal <horSpeed> is used but never assigned. This sourceless signal will be automatically connected to value 00000000000000000000000000000011.
WARNING:Xst:1780 - Signal <color> is never used or assigned. This unconnected signal will be trimmed during the optimization process.
WARNING:Xst:653 - Signal <ball_w> is used but never assigned. This sourceless signal will be automatically connected to value 00000000000000000000000000001010.
WARNING:Xst:653 - Signal <ball_h> is used but never assigned. This sourceless signal will be automatically connected to value 00000000000000000000000000001010.
    Found 3-bit register for signal <red_out>.
    Found 3-bit register for signal <green_out>.
    Found 3-bit register for signal <blue_out>.
    Found 1-bit register for signal <hs_out>.
    Found 1-bit register for signal <vs_out>.
    Found 10-bit subtractor for signal <$sub0000> created at line 118.
    Found 9-bit subtractor for signal <$sub0001> created at line 119.
    Found 10-bit register for signal <ball_hor>.
    Found 10-bit register for signal <ball_hor_next>.
    Found 10-bit adder for signal <ball_hor_next$add0000> created at line 97.
    Found 9-bit register for signal <ball_ver>.
    Found 32-bit adder for signal <ball_ver$add0000> created at line 74.
    Found 9-bit register for signal <ball_ver_next>.
    Found 9-bit adder for signal <ball_ver_next$add0000> created at line 96.
    Found 10-bit comparator greater for signal <blue_out$cmp_gt0000> created at line 136.
    Found 9-bit comparator greater for signal <blue_out$cmp_gt0001> created at line 136.
    Found 32-bit comparator less for signal <blue_out$cmp_lt0000> created at line 136.
    Found 32-bit comparator less for signal <blue_out$cmp_lt0001> created at line 136.
    Found 1-bit register for signal <clk25>.
    Found 32-bit up counter for signal <cnt>.
    Found 10-bit up counter for signal <hcounter>.
    Found 32-bit register for signal <horSpeedNext>.
    Found 32-bit adder for signal <horSpeedNext$addsub0000> created at line 94.
    Found 10-bit comparator greatequal for signal <horSpeedNext$cmp_ge0000> created at line 91.
    Found 10-bit comparator lessequal for signal <horSpeedNext$cmp_le0000> created at line 92.
    Found 10-bit comparator less for signal <horSpeedNext$cmp_lt0000> created at line 91.
    Found 32-bit register for signal <horSpeedReg>.
    Found 10-bit comparator greater for signal <hs_out$cmp_gt0000> created at line 166.
    Found 10-bit comparator less for signal <hs_out$cmp_lt0000> created at line 166.
    Found 32-bit adder for signal <red_out$add0000> created at line 136.
    Found 32-bit adder for signal <red_out$add0001> created at line 136.
    Found 32-bit comparator greatequal for signal <red_out$cmp_ge0000> created at line 136.
    Found 32-bit comparator greatequal for signal <red_out$cmp_ge0001> created at line 136.
    Found 10-bit comparator greater for signal <red_out$cmp_gt0000> created at line 127.
    Found 9-bit comparator greater for signal <red_out$cmp_gt0001> created at line 127.
    Found 10-bit comparator greater for signal <red_out$cmp_gt0002> created at line 130.
    Found 10-bit comparator lessequal for signal <red_out$cmp_le0000> created at line 136.
    Found 9-bit comparator lessequal for signal <red_out$cmp_le0001> created at line 136.
    Found 10-bit comparator less for signal <red_out$cmp_lt0000> created at line 127.
    Found 9-bit comparator less for signal <red_out$cmp_lt0001> created at line 127.
    Found 10-bit comparator less for signal <red_out$cmp_lt0002> created at line 130.
    Found 10-bit subtractor for signal <red_out$sub0000> created at line 118.
    Found 9-bit subtractor for signal <red_out$sub0001> created at line 119.
    Found 10-bit up counter for signal <vcounter>.
    Found 32-bit register for signal <verSpeedNext>.
    Found 32-bit adder for signal <verSpeedNext$addsub0000> created at line 87.
    Found 9-bit comparator greatequal for signal <verSpeedNext$cmp_ge0000> created at line 84.
    Found 9-bit comparator lessequal for signal <verSpeedNext$cmp_le0000> created at line 85.
    Found 9-bit comparator less for signal <verSpeedNext$cmp_lt0000> created at line 84.
    Found 32-bit register for signal <verSpeedReg>.
    Found 10-bit comparator greater for signal <vs_out$cmp_gt0000> created at line 178.
    Found 10-bit comparator less for signal <vs_out$cmp_lt0000> created at line 178.
    Summary:
	inferred   3 Counter(s).
	inferred 178 D-type flip-flop(s).
	inferred  11 Adder/Subtractor(s).
	inferred  24 Comparator(s).
Unit <vgatest> synthesized.


=========================================================================
HDL Synthesis Report

Macro Statistics
# Adders/Subtractors                                   : 11
 10-bit adder                                          : 1
 10-bit subtractor                                     : 2
 32-bit adder                                          : 5
 9-bit adder                                           : 1
 9-bit subtractor                                      : 2
# Counters                                             : 3
 10-bit up counter                                     : 2
 32-bit up counter                                     : 1
# Registers                                            : 14
 1-bit register                                        : 3
 10-bit register                                       : 2
 3-bit register                                        : 3
 32-bit register                                       : 4
 9-bit register                                        : 2
# Comparators                                          : 24
 10-bit comparator greatequal                          : 1
 10-bit comparator greater                             : 5
 10-bit comparator less                                : 5
 10-bit comparator lessequal                           : 2
 32-bit comparator greatequal                          : 2
 32-bit comparator less                                : 2
 9-bit comparator greatequal                           : 1
 9-bit comparator greater                              : 2
 9-bit comparator less                                 : 2
 9-bit comparator lessequal                            : 2

=========================================================================

=========================================================================
*                       Advanced HDL Synthesis                          *
=========================================================================

WARNING:Xst:2677 - Node <verSpeedNext_9> of sequential type is unconnected in block <vgatest>.
WARNING:Xst:2677 - Node <verSpeedNext_10> of sequential type is unconnected in block <vgatest>.
WARNING:Xst:2677 - Node <verSpeedNext_11> of sequential type is unconnected in block <vgatest>.
WARNING:Xst:2677 - Node <verSpeedNext_12> of sequential type is unconnected in block <vgatest>.
WARNING:Xst:2677 - Node <verSpeedNext_13> of sequential type is unconnected in block <vgatest>.
WARNING:Xst:2677 - Node <verSpeedNext_14> of sequential type is unconnected in block <vgatest>.
WARNING:Xst:2677 - Node <verSpeedNext_15> of sequential type is unconnected in block <vgatest>.
WARNING:Xst:2677 - Node <verSpeedNext_16> of sequential type is unconnected in block <vgatest>.
WARNING:Xst:2677 - Node <verSpeedNext_17> of sequential type is unconnected in block <vgatest>.
WARNING:Xst:2677 - Node <verSpeedNext_18> of sequential type is unconnected in block <vgatest>.
WARNING:Xst:2677 - Node <verSpeedNext_19> of sequential type is unconnected in block <vgatest>.
WARNING:Xst:2677 - Node <verSpeedNext_20> of sequential type is unconnected in block <vgatest>.
WARNING:Xst:2677 - Node <verSpeedNext_21> of sequential type is unconnected in block <vgatest>.
WARNING:Xst:2677 - Node <verSpeedNext_22> of sequential type is unconnected in block <vgatest>.
WARNING:Xst:2677 - Node <verSpeedNext_23> of sequential type is unconnected in block <vgatest>.
WARNING:Xst:2677 - Node <verSpeedNext_24> of sequential type is unconnected in block <vgatest>.
WARNING:Xst:2677 - Node <verSpeedNext_25> of sequential type is unconnected in block <vgatest>.
WARNING:Xst:2677 - Node <verSpeedNext_26> of sequential type is unconnected in block <vgatest>.
WARNING:Xst:2677 - Node <verSpeedNext_27> of sequential type is unconnected in block <vgatest>.
WARNING:Xst:2677 - Node <verSpeedNext_28> of sequential type is unconnected in block <vgatest>.
WARNING:Xst:2677 - Node <verSpeedNext_29> of sequential type is unconnected in block <vgatest>.
WARNING:Xst:2677 - Node <verSpeedNext_30> of sequential type is unconnected in block <vgatest>.
WARNING:Xst:2677 - Node <verSpeedNext_31> of sequential type is unconnected in block <vgatest>.
WARNING:Xst:2677 - Node <horSpeedNext_10> of sequential type is unconnected in block <vgatest>.
WARNING:Xst:2677 - Node <horSpeedNext_11> of sequential type is unconnected in block <vgatest>.
WARNING:Xst:2677 - Node <horSpeedNext_12> of sequential type is unconnected in block <vgatest>.
WARNING:Xst:2677 - Node <horSpeedNext_13> of sequential type is unconnected in block <vgatest>.
WARNING:Xst:2677 - Node <horSpeedNext_14> of sequential type is unconnected in block <vgatest>.
WARNING:Xst:2677 - Node <horSpeedNext_15> of sequential type is unconnected in block <vgatest>.
WARNING:Xst:2677 - Node <horSpeedNext_16> of sequential type is unconnected in block <vgatest>.
WARNING:Xst:2677 - Node <horSpeedNext_17> of sequential type is unconnected in block <vgatest>.
WARNING:Xst:2677 - Node <horSpeedNext_18> of sequential type is unconnected in block <vgatest>.
WARNING:Xst:2677 - Node <horSpeedNext_19> of sequential type is unconnected in block <vgatest>.
WARNING:Xst:2677 - Node <horSpeedNext_20> of sequential type is unconnected in block <vgatest>.
WARNING:Xst:2677 - Node <horSpeedNext_21> of sequential type is unconnected in block <vgatest>.
WARNING:Xst:2677 - Node <horSpeedNext_22> of sequential type is unconnected in block <vgatest>.
WARNING:Xst:2677 - Node <horSpeedNext_23> of sequential type is unconnected in block <vgatest>.
WARNING:Xst:2677 - Node <horSpeedNext_24> of sequential type is unconnected in block <vgatest>.
WARNING:Xst:2677 - Node <horSpeedNext_25> of sequential type is unconnected in block <vgatest>.
WARNING:Xst:2677 - Node <horSpeedNext_26> of sequential type is unconnected in block <vgatest>.
WARNING:Xst:2677 - Node <horSpeedNext_27> of sequential type is unconnected in block <vgatest>.
WARNING:Xst:2677 - Node <horSpeedNext_28> of sequential type is unconnected in block <vgatest>.
WARNING:Xst:2677 - Node <horSpeedNext_29> of sequential type is unconnected in block <vgatest>.
WARNING:Xst:2677 - Node <horSpeedNext_30> of sequential type is unconnected in block <vgatest>.
WARNING:Xst:2677 - Node <horSpeedNext_31> of sequential type is unconnected in block <vgatest>.
WARNING:Xst:2677 - Node <horSpeedReg_10> of sequential type is unconnected in block <vgatest>.
WARNING:Xst:2677 - Node <horSpeedReg_11> of sequential type is unconnected in block <vgatest>.
WARNING:Xst:2677 - Node <horSpeedReg_12> of sequential type is unconnected in block <vgatest>.
WARNING:Xst:2677 - Node <horSpeedReg_13> of sequential type is unconnected in block <vgatest>.
WARNING:Xst:2677 - Node <horSpeedReg_14> of sequential type is unconnected in block <vgatest>.
WARNING:Xst:2677 - Node <horSpeedReg_15> of sequential type is unconnected in block <vgatest>.
WARNING:Xst:2677 - Node <horSpeedReg_16> of sequential type is unconnected in block <vgatest>.
WARNING:Xst:2677 - Node <horSpeedReg_17> of sequential type is unconnected in block <vgatest>.
WARNING:Xst:2677 - Node <horSpeedReg_18> of sequential type is unconnected in block <vgatest>.
WARNING:Xst:2677 - Node <horSpeedReg_19> of sequential type is unconnected in block <vgatest>.
WARNING:Xst:2677 - Node <horSpeedReg_20> of sequential type is unconnected in block <vgatest>.
WARNING:Xst:2677 - Node <horSpeedReg_21> of sequential type is unconnected in block <vgatest>.
WARNING:Xst:2677 - Node <horSpeedReg_22> of sequential type is unconnected in block <vgatest>.
WARNING:Xst:2677 - Node <horSpeedReg_23> of sequential type is unconnected in block <vgatest>.
WARNING:Xst:2677 - Node <horSpeedReg_24> of sequential type is unconnected in block <vgatest>.
WARNING:Xst:2677 - Node <horSpeedReg_25> of sequential type is unconnected in block <vgatest>.
WARNING:Xst:2677 - Node <horSpeedReg_26> of sequential type is unconnected in block <vgatest>.
WARNING:Xst:2677 - Node <horSpeedReg_27> of sequential type is unconnected in block <vgatest>.
WARNING:Xst:2677 - Node <horSpeedReg_28> of sequential type is unconnected in block <vgatest>.
WARNING:Xst:2677 - Node <horSpeedReg_29> of sequential type is unconnected in block <vgatest>.
WARNING:Xst:2677 - Node <horSpeedReg_30> of sequential type is unconnected in block <vgatest>.
WARNING:Xst:2677 - Node <horSpeedReg_31> of sequential type is unconnected in block <vgatest>.
WARNING:Xst:2677 - Node <verSpeedReg_9> of sequential type is unconnected in block <vgatest>.
WARNING:Xst:2677 - Node <verSpeedReg_10> of sequential type is unconnected in block <vgatest>.
WARNING:Xst:2677 - Node <verSpeedReg_11> of sequential type is unconnected in block <vgatest>.
WARNING:Xst:2677 - Node <verSpeedReg_12> of sequential type is unconnected in block <vgatest>.
WARNING:Xst:2677 - Node <verSpeedReg_13> of sequential type is unconnected in block <vgatest>.
WARNING:Xst:2677 - Node <verSpeedReg_14> of sequential type is unconnected in block <vgatest>.
WARNING:Xst:2677 - Node <verSpeedReg_15> of sequential type is unconnected in block <vgatest>.
WARNING:Xst:2677 - Node <verSpeedReg_16> of sequential type is unconnected in block <vgatest>.
WARNING:Xst:2677 - Node <verSpeedReg_17> of sequential type is unconnected in block <vgatest>.
WARNING:Xst:2677 - Node <verSpeedReg_18> of sequential type is unconnected in block <vgatest>.
WARNING:Xst:2677 - Node <verSpeedReg_19> of sequential type is unconnected in block <vgatest>.
WARNING:Xst:2677 - Node <verSpeedReg_20> of sequential type is unconnected in block <vgatest>.
WARNING:Xst:2677 - Node <verSpeedReg_21> of sequential type is unconnected in block <vgatest>.
WARNING:Xst:2677 - Node <verSpeedReg_22> of sequential type is unconnected in block <vgatest>.
WARNING:Xst:2677 - Node <verSpeedReg_23> of sequential type is unconnected in block <vgatest>.
WARNING:Xst:2677 - Node <verSpeedReg_24> of sequential type is unconnected in block <vgatest>.
WARNING:Xst:2677 - Node <verSpeedReg_25> of sequential type is unconnected in block <vgatest>.
WARNING:Xst:2677 - Node <verSpeedReg_26> of sequential type is unconnected in block <vgatest>.
WARNING:Xst:2677 - Node <verSpeedReg_27> of sequential type is unconnected in block <vgatest>.
WARNING:Xst:2677 - Node <verSpeedReg_28> of sequential type is unconnected in block <vgatest>.
WARNING:Xst:2677 - Node <verSpeedReg_29> of sequential type is unconnected in block <vgatest>.
WARNING:Xst:2677 - Node <verSpeedReg_30> of sequential type is unconnected in block <vgatest>.
WARNING:Xst:2677 - Node <verSpeedReg_31> of sequential type is unconnected in block <vgatest>.
WARNING:Xst:2677 - Node <verSpeedNext_9> of sequential type is unconnected in block <vgatest>.
WARNING:Xst:2677 - Node <verSpeedNext_10> of sequential type is unconnected in block <vgatest>.
WARNING:Xst:2677 - Node <verSpeedNext_11> of sequential type is unconnected in block <vgatest>.
WARNING:Xst:2677 - Node <verSpeedNext_12> of sequential type is unconnected in block <vgatest>.
WARNING:Xst:2677 - Node <verSpeedNext_13> of sequential type is unconnected in block <vgatest>.
WARNING:Xst:2677 - Node <verSpeedNext_14> of sequential type is unconnected in block <vgatest>.
WARNING:Xst:2677 - Node <verSpeedNext_15> of sequential type is unconnected in block <vgatest>.
WARNING:Xst:2677 - Node <verSpeedNext_16> of sequential type is unconnected in block <vgatest>.
WARNING:Xst:2677 - Node <verSpeedNext_17> of sequential type is unconnected in block <vgatest>.
WARNING:Xst:2677 - Node <verSpeedNext_18> of sequential type is unconnected in block <vgatest>.
WARNING:Xst:2677 - Node <verSpeedNext_19> of sequential type is unconnected in block <vgatest>.
WARNING:Xst:2677 - Node <verSpeedNext_20> of sequential type is unconnected in block <vgatest>.
WARNING:Xst:2677 - Node <verSpeedNext_21> of sequential type is unconnected in block <vgatest>.
WARNING:Xst:2677 - Node <verSpeedNext_22> of sequential type is unconnected in block <vgatest>.
WARNING:Xst:2677 - Node <verSpeedNext_23> of sequential type is unconnected in block <vgatest>.
WARNING:Xst:2677 - Node <verSpeedNext_24> of sequential type is unconnected in block <vgatest>.
WARNING:Xst:2677 - Node <verSpeedNext_25> of sequential type is unconnected in block <vgatest>.
WARNING:Xst:2677 - Node <verSpeedNext_26> of sequential type is unconnected in block <vgatest>.
WARNING:Xst:2677 - Node <verSpeedNext_27> of sequential type is unconnected in block <vgatest>.
WARNING:Xst:2677 - Node <verSpeedNext_28> of sequential type is unconnected in block <vgatest>.
WARNING:Xst:2677 - Node <verSpeedNext_29> of sequential type is unconnected in block <vgatest>.
WARNING:Xst:2677 - Node <verSpeedNext_30> of sequential type is unconnected in block <vgatest>.
WARNING:Xst:2677 - Node <verSpeedNext_31> of sequential type is unconnected in block <vgatest>.
WARNING:Xst:2677 - Node <horSpeedNext_10> of sequential type is unconnected in block <vgatest>.
WARNING:Xst:2677 - Node <horSpeedNext_11> of sequential type is unconnected in block <vgatest>.
WARNING:Xst:2677 - Node <horSpeedNext_12> of sequential type is unconnected in block <vgatest>.
WARNING:Xst:2677 - Node <horSpeedNext_13> of sequential type is unconnected in block <vgatest>.
WARNING:Xst:2677 - Node <horSpeedNext_14> of sequential type is unconnected in block <vgatest>.
WARNING:Xst:2677 - Node <horSpeedNext_15> of sequential type is unconnected in block <vgatest>.
WARNING:Xst:2677 - Node <horSpeedNext_16> of sequential type is unconnected in block <vgatest>.
WARNING:Xst:2677 - Node <horSpeedNext_17> of sequential type is unconnected in block <vgatest>.
WARNING:Xst:2677 - Node <horSpeedNext_18> of sequential type is unconnected in block <vgatest>.
WARNING:Xst:2677 - Node <horSpeedNext_19> of sequential type is unconnected in block <vgatest>.
WARNING:Xst:2677 - Node <horSpeedNext_20> of sequential type is unconnected in block <vgatest>.
WARNING:Xst:2677 - Node <horSpeedNext_21> of sequential type is unconnected in block <vgatest>.
WARNING:Xst:2677 - Node <horSpeedNext_22> of sequential type is unconnected in block <vgatest>.
WARNING:Xst:2677 - Node <horSpeedNext_23> of sequential type is unconnected in block <vgatest>.
WARNING:Xst:2677 - Node <horSpeedNext_24> of sequential type is unconnected in block <vgatest>.
WARNING:Xst:2677 - Node <horSpeedNext_25> of sequential type is unconnected in block <vgatest>.
WARNING:Xst:2677 - Node <horSpeedNext_26> of sequential type is unconnected in block <vgatest>.
WARNING:Xst:2677 - Node <horSpeedNext_27> of sequential type is unconnected in block <vgatest>.
WARNING:Xst:2677 - Node <horSpeedNext_28> of sequential type is unconnected in block <vgatest>.
WARNING:Xst:2677 - Node <horSpeedNext_29> of sequential type is unconnected in block <vgatest>.
WARNING:Xst:2677 - Node <horSpeedNext_30> of sequential type is unconnected in block <vgatest>.
WARNING:Xst:2677 - Node <horSpeedNext_31> of sequential type is unconnected in block <vgatest>.
WARNING:Xst:2677 - Node <horSpeedReg_10> of sequential type is unconnected in block <vgatest>.
WARNING:Xst:2677 - Node <horSpeedReg_11> of sequential type is unconnected in block <vgatest>.
WARNING:Xst:2677 - Node <horSpeedReg_12> of sequential type is unconnected in block <vgatest>.
WARNING:Xst:2677 - Node <horSpeedReg_13> of sequential type is unconnected in block <vgatest>.
WARNING:Xst:2677 - Node <horSpeedReg_14> of sequential type is unconnected in block <vgatest>.
WARNING:Xst:2677 - Node <horSpeedReg_15> of sequential type is unconnected in block <vgatest>.
WARNING:Xst:2677 - Node <horSpeedReg_16> of sequential type is unconnected in block <vgatest>.
WARNING:Xst:2677 - Node <horSpeedReg_17> of sequential type is unconnected in block <vgatest>.
WARNING:Xst:2677 - Node <horSpeedReg_18> of sequential type is unconnected in block <vgatest>.
WARNING:Xst:2677 - Node <horSpeedReg_19> of sequential type is unconnected in block <vgatest>.
WARNING:Xst:2677 - Node <horSpeedReg_20> of sequential type is unconnected in block <vgatest>.
WARNING:Xst:2677 - Node <horSpeedReg_21> of sequential type is unconnected in block <vgatest>.
WARNING:Xst:2677 - Node <horSpeedReg_22> of sequential type is unconnected in block <vgatest>.
WARNING:Xst:2677 - Node <horSpeedReg_23> of sequential type is unconnected in block <vgatest>.
WARNING:Xst:2677 - Node <horSpeedReg_24> of sequential type is unconnected in block <vgatest>.
WARNING:Xst:2677 - Node <horSpeedReg_25> of sequential type is unconnected in block <vgatest>.
WARNING:Xst:2677 - Node <horSpeedReg_26> of sequential type is unconnected in block <vgatest>.
WARNING:Xst:2677 - Node <horSpeedReg_27> of sequential type is unconnected in block <vgatest>.
WARNING:Xst:2677 - Node <horSpeedReg_28> of sequential type is unconnected in block <vgatest>.
WARNING:Xst:2677 - Node <horSpeedReg_29> of sequential type is unconnected in block <vgatest>.
WARNING:Xst:2677 - Node <horSpeedReg_30> of sequential type is unconnected in block <vgatest>.
WARNING:Xst:2677 - Node <horSpeedReg_31> of sequential type is unconnected in block <vgatest>.
WARNING:Xst:2677 - Node <verSpeedReg_9> of sequential type is unconnected in block <vgatest>.
WARNING:Xst:2677 - Node <verSpeedReg_10> of sequential type is unconnected in block <vgatest>.
WARNING:Xst:2677 - Node <verSpeedReg_11> of sequential type is unconnected in block <vgatest>.
WARNING:Xst:2677 - Node <verSpeedReg_12> of sequential type is unconnected in block <vgatest>.
WARNING:Xst:2677 - Node <verSpeedReg_13> of sequential type is unconnected in block <vgatest>.
WARNING:Xst:2677 - Node <verSpeedReg_14> of sequential type is unconnected in block <vgatest>.
WARNING:Xst:2677 - Node <verSpeedReg_15> of sequential type is unconnected in block <vgatest>.
WARNING:Xst:2677 - Node <verSpeedReg_16> of sequential type is unconnected in block <vgatest>.
WARNING:Xst:2677 - Node <verSpeedReg_17> of sequential type is unconnected in block <vgatest>.
WARNING:Xst:2677 - Node <verSpeedReg_18> of sequential type is unconnected in block <vgatest>.
WARNING:Xst:2677 - Node <verSpeedReg_19> of sequential type is unconnected in block <vgatest>.
WARNING:Xst:2677 - Node <verSpeedReg_20> of sequential type is unconnected in block <vgatest>.
WARNING:Xst:2677 - Node <verSpeedReg_21> of sequential type is unconnected in block <vgatest>.
WARNING:Xst:2677 - Node <verSpeedReg_22> of sequential type is unconnected in block <vgatest>.
WARNING:Xst:2677 - Node <verSpeedReg_23> of sequential type is unconnected in block <vgatest>.
WARNING:Xst:2677 - Node <verSpeedReg_24> of sequential type is unconnected in block <vgatest>.
WARNING:Xst:2677 - Node <verSpeedReg_25> of sequential type is unconnected in block <vgatest>.
WARNING:Xst:2677 - Node <verSpeedReg_26> of sequential type is unconnected in block <vgatest>.
WARNING:Xst:2677 - Node <verSpeedReg_27> of sequential type is unconnected in block <vgatest>.
WARNING:Xst:2677 - Node <verSpeedReg_28> of sequential type is unconnected in block <vgatest>.
WARNING:Xst:2677 - Node <verSpeedReg_29> of sequential type is unconnected in block <vgatest>.
WARNING:Xst:2677 - Node <verSpeedReg_30> of sequential type is unconnected in block <vgatest>.
WARNING:Xst:2677 - Node <verSpeedReg_31> of sequential type is unconnected in block <vgatest>.

=========================================================================
Advanced HDL Synthesis Report

Macro Statistics
# Adders/Subtractors                                   : 11
 10-bit adder                                          : 1
 10-bit subtractor                                     : 2
 32-bit adder                                          : 5
 9-bit adder                                           : 1
 9-bit subtractor                                      : 2
# Counters                                             : 3
 10-bit up counter                                     : 2
 32-bit up counter                                     : 1
# Registers                                            : 88
 Flip-Flops                                            : 88
# Comparators                                          : 24
 10-bit comparator greatequal                          : 1
 10-bit comparator greater                             : 5
 10-bit comparator less                                : 5
 10-bit comparator lessequal                           : 2
 32-bit comparator greatequal                          : 2
 32-bit comparator less                                : 2
 9-bit comparator greatequal                           : 1
 9-bit comparator greater                              : 2
 9-bit comparator less                                 : 2
 9-bit comparator lessequal                            : 2

=========================================================================

=========================================================================
*                         Low Level Synthesis                           *
=========================================================================
INFO:Xst:2261 - The FF/Latch <red_out_0> in Unit <vgatest> is equivalent to the following 2 FFs/Latches, which will be removed : <red_out_1> <red_out_2> 
INFO:Xst:2261 - The FF/Latch <blue_out_0> in Unit <vgatest> is equivalent to the following 2 FFs/Latches, which will be removed : <blue_out_1> <blue_out_2> 
INFO:Xst:2261 - The FF/Latch <green_out_0> in Unit <vgatest> is equivalent to the following 2 FFs/Latches, which will be removed : <green_out_1> <green_out_2> 
WARNING:Xst:1293 - FF/Latch <verSpeedNext_0> has a constant value of 1 in block <vgatest>. This FF/Latch will be trimmed during the optimization process.
WARNING:Xst:1293 - FF/Latch <horSpeedNext_0> has a constant value of 1 in block <vgatest>. This FF/Latch will be trimmed during the optimization process.
WARNING:Xst:1896 - Due to other FF/Latch trimming, FF/Latch <horSpeedReg_0> has a constant value of 1 in block <vgatest>. This FF/Latch will be trimmed during the optimization process.
WARNING:Xst:1896 - Due to other FF/Latch trimming, FF/Latch <verSpeedReg_0> has a constant value of 1 in block <vgatest>. This FF/Latch will be trimmed during the optimization process.
INFO:Xst:2261 - The FF/Latch <horSpeedNext_2> in Unit <vgatest> is equivalent to the following 7 FFs/Latches, which will be removed : <horSpeedNext_3> <horSpeedNext_4> <horSpeedNext_5> <horSpeedNext_6> <horSpeedNext_7> <horSpeedNext_8> <horSpeedNext_9> 
INFO:Xst:2261 - The FF/Latch <verSpeedNext_2> in Unit <vgatest> is equivalent to the following 6 FFs/Latches, which will be removed : <verSpeedNext_3> <verSpeedNext_4> <verSpeedNext_5> <verSpeedNext_6> <verSpeedNext_7> <verSpeedNext_8> 
INFO:Xst:2261 - The FF/Latch <verSpeedReg_2> in Unit <vgatest> is equivalent to the following 6 FFs/Latches, which will be removed : <verSpeedReg_3> <verSpeedReg_4> <verSpeedReg_5> <verSpeedReg_6> <verSpeedReg_7> <verSpeedReg_8> 
INFO:Xst:2261 - The FF/Latch <horSpeedReg_2> in Unit <vgatest> is equivalent to the following 7 FFs/Latches, which will be removed : <horSpeedReg_3> <horSpeedReg_4> <horSpeedReg_5> <horSpeedReg_6> <horSpeedReg_7> <horSpeedReg_8> <horSpeedReg_9> 

Optimizing unit <vgatest> ...

Mapping all equations...
Building and optimizing final netlist ...
Found area constraint ratio of 100 (+ 5) on block vgatest, actual ratio is 2.

Final Macro Processing ...

=========================================================================
Final Register Report

Macro Statistics
# Registers                                            : 104
 Flip-Flops                                            : 104

=========================================================================

=========================================================================
*                           Partition Report                            *
=========================================================================

Partition Implementation Status
-------------------------------

  No Partitions were found in this design.

-------------------------------

=========================================================================
*                            Final Report                               *
=========================================================================
Final Results
RTL Top Level Output File Name     : vgatest.ngr
Top Level Output File Name         : vgatest
Output Format                      : NGC
Optimization Goal                  : Speed
Keep Hierarchy                     : No

Design Statistics
# IOs                              : 14

Cell Usage :
# BELS                             : 483
#      GND                         : 1
#      INV                         : 8
#      LUT1                        : 80
#      LUT2                        : 41
#      LUT2_L                      : 2
#      LUT3                        : 24
#      LUT3_L                      : 2
#      LUT4                        : 68
#      LUT4_D                      : 7
#      LUT4_L                      : 3
#      MUXCY                       : 143
#      VCC                         : 1
#      XORCY                       : 103
# FlipFlops/Latches                : 104
#      FDE                         : 46
#      FDR                         : 46
#      FDRE                        : 10
#      FDRS                        : 1
#      FDS                         : 1
# Clock Buffers                    : 2
#      BUFG                        : 1
#      BUFGP                       : 1
# IO Buffers                       : 11
#      OBUF                        : 11
=========================================================================

Device utilization summary:
---------------------------

Selected Device : 3s1000ft256-4 

 Number of Slices:                      152  out of   7680     1%  
 Number of Slice Flip Flops:            104  out of  15360     0%  
 Number of 4 input LUTs:                235  out of  15360     1%  
 Number of IOs:                          14
 Number of bonded IOBs:                  12  out of    173     6%  
 Number of GCLKs:                         2  out of      8    25%  

---------------------------
Partition Resource Summary:
---------------------------

  No Partitions were found in this design.

---------------------------


=========================================================================
TIMING REPORT

NOTE: THESE TIMING NUMBERS ARE ONLY A SYNTHESIS ESTIMATE.
      FOR ACCURATE TIMING INFORMATION PLEASE REFER TO THE TRACE REPORT
      GENERATED AFTER PLACE-and-ROUTE.

Clock Information:
------------------
-----------------------------------+------------------------+-------+
Clock Signal                       | Clock buffer(FF name)  | Load  |
-----------------------------------+------------------------+-------+
clk50_in                           | BUFGP                  | 1     |
clk251                             | BUFG                   | 103   |
-----------------------------------+------------------------+-------+

Asynchronous Control Signals Information:
----------------------------------------
No asynchronous control signals found in this design

Timing Summary:
---------------
Speed Grade: -4

   Minimum period: 13.480ns (Maximum Frequency: 74.183MHz)
   Minimum input arrival time before clock: No path found
   Maximum output required time after clock: 7.271ns
   Maximum combinational path delay: No path found

Timing Detail:
--------------
All values displayed in nanoseconds (ns)

=========================================================================
Timing constraint: Default period analysis for Clock 'clk50_in'
  Clock period: 2.623ns (frequency: 381.243MHz)
  Total number of paths / destination ports: 1 / 1
-------------------------------------------------------------------------
Delay:               2.623ns (Levels of Logic = 0)
  Source:            clk25 (FF)
  Destination:       clk25 (FF)
  Source Clock:      clk50_in rising
  Destination Clock: clk50_in rising

  Data Path: clk25 to clk25
                                Gate     Net
    Cell:in->out      fanout   Delay   Delay  Logical Name (Net Name)
    ----------------------------------------  ------------
     FDR:C->Q              2   0.720   0.877  clk25 (clk251)
     FDR:R                     1.026          clk25
    ----------------------------------------
    Total                      2.623ns (1.746ns logic, 0.877ns route)
                                       (66.6% logic, 33.4% route)

=========================================================================
Timing constraint: Default period analysis for Clock 'clk251'
  Clock period: 13.480ns (frequency: 74.183MHz)
  Total number of paths / destination ports: 44141 / 212
-------------------------------------------------------------------------
Delay:               13.480ns (Levels of Logic = 31)
  Source:            cnt_1 (FF)
  Destination:       verSpeedNext_1 (FF)
  Source Clock:      clk251 rising
  Destination Clock: clk251 rising

  Data Path: cnt_1 to verSpeedNext_1
                                Gate     Net
    Cell:in->out      fanout   Delay   Delay  Logical Name (Net Name)
    ----------------------------------------  ------------
     FDR:C->Q              2   0.720   1.216  cnt_1 (cnt_1)
     LUT1:I0->O            1   0.551   0.000  Madd_ball_ver_add0000_cy<1>_rt (Madd_ball_ver_add0000_cy<1>_rt)
     MUXCY:S->O            1   0.500   0.000  Madd_ball_ver_add0000_cy<1> (Madd_ball_ver_add0000_cy<1>)
     MUXCY:CI->O           1   0.064   0.000  Madd_ball_ver_add0000_cy<2> (Madd_ball_ver_add0000_cy<2>)
     MUXCY:CI->O           1   0.064   0.000  Madd_ball_ver_add0000_cy<3> (Madd_ball_ver_add0000_cy<3>)
     MUXCY:CI->O           1   0.064   0.000  Madd_ball_ver_add0000_cy<4> (Madd_ball_ver_add0000_cy<4>)
     MUXCY:CI->O           1   0.064   0.000  Madd_ball_ver_add0000_cy<5> (Madd_ball_ver_add0000_cy<5>)
     MUXCY:CI->O           1   0.064   0.000  Madd_ball_ver_add0000_cy<6> (Madd_ball_ver_add0000_cy<6>)
     MUXCY:CI->O           1   0.064   0.000  Madd_ball_ver_add0000_cy<7> (Madd_ball_ver_add0000_cy<7>)
     MUXCY:CI->O           1   0.064   0.000  Madd_ball_ver_add0000_cy<8> (Madd_ball_ver_add0000_cy<8>)
     MUXCY:CI->O           1   0.064   0.000  Madd_ball_ver_add0000_cy<9> (Madd_ball_ver_add0000_cy<9>)
     MUXCY:CI->O           1   0.064   0.000  Madd_ball_ver_add0000_cy<10> (Madd_ball_ver_add0000_cy<10>)
     MUXCY:CI->O           1   0.064   0.000  Madd_ball_ver_add0000_cy<11> (Madd_ball_ver_add0000_cy<11>)
     MUXCY:CI->O           1   0.064   0.000  Madd_ball_ver_add0000_cy<12> (Madd_ball_ver_add0000_cy<12>)
     MUXCY:CI->O           1   0.064   0.000  Madd_ball_ver_add0000_cy<13> (Madd_ball_ver_add0000_cy<13>)
     MUXCY:CI->O           1   0.064   0.000  Madd_ball_ver_add0000_cy<14> (Madd_ball_ver_add0000_cy<14>)
     MUXCY:CI->O           1   0.064   0.000  Madd_ball_ver_add0000_cy<15> (Madd_ball_ver_add0000_cy<15>)
     MUXCY:CI->O           1   0.064   0.000  Madd_ball_ver_add0000_cy<16> (Madd_ball_ver_add0000_cy<16>)
     MUXCY:CI->O           1   0.064   0.000  Madd_ball_ver_add0000_cy<17> (Madd_ball_ver_add0000_cy<17>)
     MUXCY:CI->O           1   0.064   0.000  Madd_ball_ver_add0000_cy<18> (Madd_ball_ver_add0000_cy<18>)
     MUXCY:CI->O           1   0.064   0.000  Madd_ball_ver_add0000_cy<19> (Madd_ball_ver_add0000_cy<19>)
     MUXCY:CI->O           1   0.064   0.000  Madd_ball_ver_add0000_cy<20> (Madd_ball_ver_add0000_cy<20>)
     XORCY:CI->O           1   0.904   1.140  Madd_ball_ver_add0000_xor<21> (ball_ver_add0000<21>)
     LUT4:I0->O            1   0.551   0.000  ball_ver_cmp_eq0000_wg_lut<0> (ball_ver_cmp_eq0000_wg_lut<0>)
     MUXCY:S->O            1   0.500   0.000  ball_ver_cmp_eq0000_wg_cy<0> (ball_ver_cmp_eq0000_wg_cy<0>)
     MUXCY:CI->O           1   0.064   0.000  ball_ver_cmp_eq0000_wg_cy<1> (ball_ver_cmp_eq0000_wg_cy<1>)
     MUXCY:CI->O           1   0.064   0.000  ball_ver_cmp_eq0000_wg_cy<2> (ball_ver_cmp_eq0000_wg_cy<2>)
     MUXCY:CI->O           1   0.064   0.000  ball_ver_cmp_eq0000_wg_cy<3> (ball_ver_cmp_eq0000_wg_cy<3>)
     MUXCY:CI->O           1   0.064   0.000  ball_ver_cmp_eq0000_wg_cy<4> (ball_ver_cmp_eq0000_wg_cy<4>)
     MUXCY:CI->O           1   0.303   0.869  ball_ver_cmp_eq0000_wg_cy<5> (ball_ver_cmp_eq0000_wg_cy<5>)
     LUT3:I2->O           76   0.551   2.173  ball_ver_cmp_eq0000_wg_cy<7>1 (ball_ver_cmp_eq0000)
     LUT3:I2->O            2   0.551   0.877  verSpeedNext_not000236 (verSpeedNext_not0002)
     FDE:CE                    0.602          verSpeedNext_1
    ----------------------------------------
    Total                     13.480ns (7.205ns logic, 6.275ns route)
                                       (53.4% logic, 46.6% route)

=========================================================================
Timing constraint: Default OFFSET OUT AFTER for Clock 'clk251'
  Total number of paths / destination ports: 11 / 11
-------------------------------------------------------------------------
Offset:              7.271ns (Levels of Logic = 1)
  Source:            blue_out_0 (FF)
  Destination:       blue_out<2> (PAD)
  Source Clock:      clk251 rising

  Data Path: blue_out_0 to blue_out<2>
                                Gate     Net
    Cell:in->out      fanout   Delay   Delay  Logical Name (Net Name)
    ----------------------------------------  ------------
     FDS:C->Q              3   0.720   0.907  blue_out_0 (blue_out_0)
     OBUF:I->O                 5.644          blue_out_2_OBUF (blue_out<2>)
    ----------------------------------------
    Total                      7.271ns (6.364ns logic, 0.907ns route)
                                       (87.5% logic, 12.5% route)

=========================================================================


Total REAL time to Xst completion: 7.00 secs
Total CPU time to Xst completion: 6.39 secs
 
--> 

Total memory usage is 259616 kilobytes

Number of errors   :    0 (   0 filtered)
Number of warnings :  195 (   0 filtered)
Number of infos    :    7 (   0 filtered)

