V3 7
FL //cs1/cs_classdata/373_Digital_Logic_Design/simple_vga_driver_V2/vga1/vga_test/vga_gen.vhd 2013/12/03.20:52:58 P.68d
FL //cs1/cs_students/bmetzelaar16/CS373_DLD/Final_Project/CMC_Pong/vga1/vga_test/vga_gen.vhd 2013/12/09.21:41:30 P.68d
FL //cs1/cs_students/bmetzelaar16/CS373_DLD/Final_Project/CMC_Pong_TEST/vga1/vga_test/vga_gen.vhd 2013/12/10.01:10:52 P.68d
FL //cs1/cs_students/bmetzelaar16/CS373_DLD/Final_Project/CMC_Pong_v2/vga1/vga_test/vga_gen.vhd 2013/12/10.11:59:49 P.68d
EN work/vgatest 1386705595 \
      FL //cs1/cs_students/bmetzelaar16/CS373_DLD/Final_Project/CMC_Pong_v2/vga1/vga_test/vga_gen.vhd \
      PB ieee/std_logic_1164 1370735607 PB ieee/std_logic_arith 1370735608 \
      PB ieee/STD_LOGIC_UNSIGNED 1370735609
AR work/vgatest/behavioral 1386705596 \
      FL //cs1/cs_students/bmetzelaar16/CS373_DLD/Final_Project/CMC_Pong_v2/vga1/vga_test/vga_gen.vhd \
      EN work/vgatest 1386705595
FL C:/Users/bmetzelaar16/Desktop/simple_vga_driver_V2/vga1/vga_test/vga_gen.vhd 2013/12/09.19:12:38 P.68d
