V3 22
FL C:/CS401/VGA_KYBD_LAB/keybrd.vhd 2014/02/17.18:41:14 P.68d
FL C:/CS401/VGA_KYBD_LAB/vga.vhd 2014/02/17.19:14:04 P.68d
FL C:/CS401/VGA_KYBD_LAB/VGA_KYBD_LAB.vhd 2014/02/17.19:13:59 P.68d
FL C:/CS401/VGA_KYBD_LAB/XSA_LIB/ps2_kbd.vhd 2004/10/24.12:51:04 P.68d
FL D:/GitHub/COSJava/Repositories/ComputerArchitecture/Session_02_Keyboard_Lab/VGA_KYBD_LAB_SOLUTION/keybrd.vhd 2014/05/03.16:18:42 P.68d
EN work/test_kbd 1399166166 \
      FL D:/GitHub/COSJava/Repositories/ComputerArchitecture/Session_02_Keyboard_Lab/VGA_KYBD_LAB_SOLUTION/keybrd.vhd \
      LB unisim PB ieee/std_logic_1164 1370735607 PB ieee/NUMERIC_STD 1370735611 \
      PH unisim/VCOMPONENTS 1370735613 PH work/ps2_kbd_pckg 1399166163
AR work/test_kbd/arch 1399166167 \
      FL D:/GitHub/COSJava/Repositories/ComputerArchitecture/Session_02_Keyboard_Lab/VGA_KYBD_LAB_SOLUTION/keybrd.vhd \
      EN work/test_kbd 1399166166 CP ps2_kbd
FL D:/GitHub/COSJava/Repositories/ComputerArchitecture/Session_02_Keyboard_Lab/VGA_KYBD_LAB_SOLUTION/vga.vhd 2014/05/03.18:14:42 P.68d
EN work/vgatest 1399166168 \
      FL D:/GitHub/COSJava/Repositories/ComputerArchitecture/Session_02_Keyboard_Lab/VGA_KYBD_LAB_SOLUTION/vga.vhd \
      PB ieee/std_logic_1164 1370735607 PB ieee/std_logic_arith 1370735608 \
      PB ieee/STD_LOGIC_UNSIGNED 1370735609
AR work/vgatest/behavioral 1399166169 \
      FL D:/GitHub/COSJava/Repositories/ComputerArchitecture/Session_02_Keyboard_Lab/VGA_KYBD_LAB_SOLUTION/vga.vhd \
      EN work/vgatest 1399166168
FL D:/GitHub/COSJava/Repositories/ComputerArchitecture/Session_02_Keyboard_Lab/VGA_KYBD_LAB_SOLUTION/VGA_KYBD_LAB.vhd 2014/05/03.18:15:57 P.68d
EN work/VGA_KYBD_LAB 1399166170 \
      FL D:/GitHub/COSJava/Repositories/ComputerArchitecture/Session_02_Keyboard_Lab/VGA_KYBD_LAB_SOLUTION/VGA_KYBD_LAB.vhd \
      PB ieee/std_logic_1164 1370735607
AR work/VGA_KYBD_LAB/Behavioral 1399166171 \
      FL D:/GitHub/COSJava/Repositories/ComputerArchitecture/Session_02_Keyboard_Lab/VGA_KYBD_LAB_SOLUTION/VGA_KYBD_LAB.vhd \
      EN work/VGA_KYBD_LAB 1399166170 CP test_kbd CP vgatest
FL D:/GitHub/COSJava/Repositories/ComputerArchitecture/Session_02_Keyboard_Lab/VGA_KYBD_LAB_SOLUTION/XSA_LIB/ps2_kbd.vhd 2014/05/03.15:39:44 P.68d
PH work/ps2_kbd_pckg 1399166163 \
      FL D:/GitHub/COSJava/Repositories/ComputerArchitecture/Session_02_Keyboard_Lab/VGA_KYBD_LAB_SOLUTION/XSA_LIB/ps2_kbd.vhd \
      PB ieee/std_logic_1164 1370735607 PB ieee/NUMERIC_STD 1370735611 CD ps2_kbd
EN work/ps2_kbd 1399166164 \
      FL D:/GitHub/COSJava/Repositories/ComputerArchitecture/Session_02_Keyboard_Lab/VGA_KYBD_LAB_SOLUTION/XSA_LIB/ps2_kbd.vhd \
      PB ieee/std_logic_1164 1370735607 PB ieee/NUMERIC_STD 1370735611
AR work/ps2_kbd/arch 1399166165 \
      FL D:/GitHub/COSJava/Repositories/ComputerArchitecture/Session_02_Keyboard_Lab/VGA_KYBD_LAB_SOLUTION/XSA_LIB/ps2_kbd.vhd \
      EN work/ps2_kbd 1399166164
